// Jest Snapshot v1, https://goo.gl/fbAQLP

exports[`GiveawayDetail matches snapshot 1`] = `
[
  <span />,
  <span
    hidden={true}
    id="__chakra_env"
  />,
]
`;
